  IONOSPHERIC COMMUNICATIONS ANALYSIS AND PREDICTION PROGRAM
                     VOACAP   VERSION 16.1207W


          1         2         3         4         5         6         7
 123456789012345678901234567890123456789012345678901234567890123456789012345

 COMMENT    Any VOACAP default cards may be placed in the file: VOACAP.DEF
 LINEMAX      55       number of lines-per-page
 COEFFS    CCIR
 TIME          1   24    1    1
 MONTH      1994 6.00
 SUNSPOT    100.
 LABEL     TANGIER, Morocco    BELGRADE
 CIRCUIT   35.80N     5.90W    44.90N    20.50E  S     0
 SYSTEM       1. 145. 0.10  90. 73.0 3.00 0.10
 FPROB      1.00 1.00 1.00 0.00
 ANTENNA       1    1    2   30     0.000[default/const17.voa  ]  0.0  500.0000
 ANTENNA       2    2    2   30     0.000[default/swwhip.voa   ]  0.0    0.0000
 FREQUENCY  6.07 7.20 9.7011.8513.7015.3517.7321.6525.89 0.00 0.00
 METHOD       30    0
 EXECUTE
 QUIT
     CCIR Coefficients        ~METHOD 30   VOACAP L 16.1207W  PAGE   1

  Jun    1994          SSN = 100.                Minimum Angle= 0.100 degrees
  TANGIER, Morocco    BELGRADE              AZIMUTHS          N. MI.      KM
  35.80 N    5.90 W - 44.90 N   20.50 E     57.41  254.73    1317.9   2440.5
  XMTR  2-30 2-D Table [default/const17.voa  ] Az=  0.0 OFFaz= 57.4 500.000kW
  RCVR  2-30 2-D Table [default/swwhip.voa   ] Az=  0.0 OFFaz=254.7
  3 MHz NOISE = -145.0 dBW     REQ. REL = 90%    REQ. SNR = 73.0 dB
  MULTIPATH POWER TOLERANCE =  3.0 dB   MULTIPATH DELAY TOLERANCE =  0.100 ms

   1.0 16.3  6.1  7.2  9.7 11.9 13.7 15.4 17.7 21.6 25.9  0.0  0.0 FREQ
        1F2  1F2  1F2  1F2  1F2  1F2  1F2  1F2  1F2  1F2   -    -  MODE  
       13.7  7.8  7.8  8.1  8.7  9.5 10.9 14.7 14.7 14.7   -    -  TANGLE
        8.9  8.5  8.5  8.6  8.6  8.6  8.7  9.0  9.0  9.0   -    -  DELAY 
        440  295  296  304  317  337  371  466  466  466   -    -  V HITE
       0.50 1.00 1.00 0.99 0.94 0.82 0.63 0.25 0.01 0.00   -    -  MUFday
        123  115  115  117  118  119  121  135  177  244   -    -  LOSS  
         66   67   68   69   69   69   68   55   15  -51   -    -  DBU   
        -66  -58  -58  -60  -61  -62  -64  -78 -120 -187   -    -  S DBW 
       -170 -154 -157 -162 -166 -168 -169 -171 -173 -176   -    -  N DBW 
        104   96   99  103  104  105  105   93   54  -11   -    -  SNR   
         -4  -10  -12  -15  -16  -14   -8    7   46  111   -    -  RPWRG 
       0.93 0.99 0.99 0.99 0.99 0.99 0.95 0.83 0.17 0.00   -    -  REL   
       0.00 0.00 0.00 0.00 0.00 0.00 0.00 0.00 0.00 0.00   -    -  MPROB 
       0.52 0.66 0.70 0.75 0.74 0.70 0.59 0.42 0.10 0.00   -    -  S PRB 
       25.0 10.8 11.1 11.8 12.7 15.7 22.5 25.0 25.0 25.0   -    -  SIG LW
       10.4  5.4  5.4  5.7  5.5  6.0  8.0 16.5 25.0 25.0   -    -  SIG UP
       26.8 13.5 13.9 14.9 15.8 18.4 24.4 26.8 26.8 26.8   -    -  SNR LW
       11.9  7.5  7.2  7.4  7.7  8.3  9.9 17.5 25.7 25.7   -    -  SNR UP
       17.0 17.0 17.0 17.0 17.0 17.0 17.0 17.0 17.0 17.0   -    -  TGAIN 
       -0.5 -2.0 -1.9 -1.8 -1.7 -1.4 -1.1 -0.4 -0.4 -0.4   -    -  RGAIN 
         77   83   85   88   89   87   81   66   27  -38   -    -  SNRxx 

   2.0 15.3  6.1  7.2  9.7 11.9 13.7 15.4 17.7 21.6 25.9  0.0  0.0 FREQ
        1F2  1F2  1F2  1F2  1F2  1F2  1F2  1F2  1F2  1F2   -    -  MODE  
       13.5  8.0  8.0  8.3  9.0 10.1 14.8 14.8 14.8 14.8   -    -  TANGLE
        8.9  8.6  8.6  8.6  8.6  8.7  9.0  9.0  9.0  9.0   -    -  DELAY 
        436  300  300  308  325  352  470  470  470  470   -    -  V HITE
       0.50 1.00 1.00 0.98 0.90 0.73 0.49 0.18 0.01 0.00   -    -  MUFday
        122  114  115  117  118  120  126  139  174  226   -    -  LOSS  
         66   67   68   69   69   68   62   51   17  -33   -    -  DBU   
        -65  -57  -58  -60  -61  -63  -69  -82 -117 -169   -    -  S DBW 
       -169 -155 -158 -162 -166 -168 -169 -171 -173 -176   -    -  N DBW 
        104   98  100  103  104  105  100   89   56    6   -    -  SNR   
         -4  -11  -13  -15  -15  -12    0   10   43   93   -    -  RPWRG 
       0.93 0.99 0.99 0.99 0.99 0.98 0.90 0.78 0.20 0.00   -    -  REL   
       0.00 0.00 0.00 0.00 0.00 0.00 0.00 0.00 0.00 0.00   -    -  MPROB 
       0.52 0.68 0.71 0.75 0.73 0.66 0.50 0.38 0.11 0.00   -    -  S PRB 
       25.0 10.7 11.0 11.7 13.5 17.7 25.0 25.0 25.0 25.0   -    -  SIG LW
       10.8  5.4  5.4  5.8  5.6  6.6 11.9 19.4 25.0 25.0   -    -  SIG UP
       26.8 13.7 14.0 14.9 16.5 20.2 26.8 26.8 26.8 26.8   -    -  SNR LW
       12.3  7.8  7.4  7.6  7.8  8.7 13.3 20.2 25.7 25.7   -    -  SNR UP
       17.0 17.0 17.0 17.0 17.0 17.0 17.0 17.0 17.0 17.0   -    -  TGAIN 
       -0.5 -1.8 -1.8 -1.7 -1.6 -1.3 -0.4 -0.4 -0.4 -0.4   -    -  RGAIN 
         77   84   86   88   88   85   73   63   30  -20   -    -  SNRxx 
     CCIR Coefficients         METHOD 30   VOACAP L 16.1207W  PAGE   2

  Jun    1994          SSN = 100.                Minimum Angle= 0.100 degrees
  TANGIER, Morocco    BELGRADE              AZIMUTHS          N. MI.      KM
  35.80 N    5.90 W - 44.90 N   20.50 E     57.41  254.73    1317.9   2440.5
  XMTR  2-30 2-D Table [default/const17.voa  ] Az=  0.0 OFFaz= 57.4 500.000kW
  RCVR  2-30 2-D Table [default/swwhip.voa   ] Az=  0.0 OFFaz=254.7
  3 MHz NOISE = -145.0 dBW     REQ. REL = 90%    REQ. SNR = 73.0 dB
  MULTIPATH POWER TOLERANCE =  3.0 dB   MULTIPATH DELAY TOLERANCE =  0.100 ms

   3.0 15.0  6.1  7.2  9.7 11.9 13.7 15.4 17.7 21.6 25.9  0.0  0.0 FREQ
        1F2  1F2  1F2  1F2  1F2  1F2  1F2  1F2  1F2  1F2   -    -  MODE  
       13.6  8.3  8.1  8.2  8.9 10.1 14.6 14.6 14.6 14.6   -    -  TANGLE
        8.9  8.6  8.6  8.6  8.6  8.7  9.0  9.0  9.0  9.0   -    -  DELAY 
        439  308  302  306  322  352  464  464  464  464   -    -  V HITE
       0.50 1.00 1.00 0.98 0.89 0.69 0.45 0.15 0.01 0.00   -    -  MUFday
        122  115  115  117  118  120  127  141  179  235   -    -  LOSS  
         66   67   68   69   69   68   61   49   12  -42   -    -  DBU   
        -65  -58  -58  -60  -61  -63  -70  -84 -122 -178   -    -  S DBW 
       -169 -156 -158 -163 -166 -168 -169 -171 -173 -176   -    -  N DBW 
        104   98  100  103  104  105   99   87   51   -3   -    -  SNR   
         -4  -11  -13  -15  -15  -11    1   13   49  102   -    -  RPWRG 
       0.93 0.99 0.99 0.99 0.99 0.97 0.89 0.75 0.14 0.00   -    -  REL   
       0.00 0.00 0.00 0.00 0.00 0.00 0.00 0.00 0.00 0.00   -    -  MPROB 
       0.51 0.69 0.72 0.75 0.72 0.64 0.49 0.36 0.08 0.00   -    -  S PRB 
       25.0 10.7 11.1 11.7 13.8 18.7 25.0 25.0 25.0 25.0   -    -  SIG LW
       11.1  5.3  5.4  6.0  5.6  7.1 12.7 20.8 25.0 25.0   -    -  SIG UP
       26.8 13.9 14.2 14.9 16.7 21.0 26.8 26.8 26.8 26.8   -    -  SNR LW
       12.5  8.0  7.7  7.8  7.8  9.1 14.0 21.6 25.7 25.7   -    -  SNR UP
       17.0 17.0 17.0 17.0 17.0 17.0 17.0 17.0 17.0 17.0   -    -  TGAIN 
       -0.5 -1.7 -1.8 -1.8 -1.6 -1.3 -0.4 -0.4 -0.4 -0.4   -    -  RGAIN 
         77   84   86   88   88   84   72   60   24  -29   -    -  SNRxx 

   4.0 15.7  6.1  7.2  9.7 11.9 13.7 15.4 17.7 21.6 25.9  0.0  0.0 FREQ
        1F2  1F2  1F2  1F2  1F2  1F2  1F2  1F2  1F2  1F2   -    -  MODE  
       14.1 11.2  8.6  7.9  8.3  9.1 11.1 14.1 14.1 14.1   -    -  TANGLE
        8.9  8.7  8.6  8.6  8.6  8.6  8.7  8.9  8.9  8.9   -    -  DELAY 
        451  379  314  299  307  327  376  451  451  451   -    -  V HITE
       0.50 1.00 1.00 0.99 0.92 0.77 0.55 0.22 0.01 0.00   -    -  MUFday
        127  118  117  118  119  120  122  137  170  221   -    -  LOSS  
         62   62   65   67   68   68   67   53   21  -29   -    -  DBU   
        -70  -61  -60  -61  -62  -63  -65  -80 -113 -164   -    -  S DBW 
       -170 -156 -158 -163 -166 -168 -169 -171 -173 -176   -    -  N DBW 
        100   95   98  101  103  104  104   91   60   11   -    -  SNR   
          0   -8  -11  -13  -14  -12   -5    9   40   89   -    -  RPWRG 
       0.90 0.98 0.99 0.99 0.99 0.98 0.94 0.81 0.26 0.00   -    -  REL   
       0.00 0.00 0.00 0.00 0.00 0.00 0.00 0.00 0.00 0.00   -    -  MPROB 
       0.50 0.62 0.68 0.72 0.72 0.67 0.55 0.40 0.13 0.01   -    -  S PRB 
       25.0 11.0 11.2 11.9 13.2 16.8 24.0 25.0 25.0 25.0   -    -  SIG LW
       11.9  5.5  5.3  5.7  5.4  6.1  9.5 18.1 25.0 25.0   -    -  SIG UP
       26.8 14.2 14.4 15.1 16.2 19.4 25.8 26.8 26.8 26.8   -    -  SNR LW
       13.2  8.4  7.8  7.7  7.7  8.3 11.1 19.1 25.7 25.7   -    -  SNR UP
       17.0 17.0 17.0 17.0 17.0 17.0 17.0 17.0 17.0 17.0   -    -  TGAIN 
       -0.5 -1.1 -1.7 -1.8 -1.7 -1.6 -1.1 -0.5 -0.5 -0.5   -    -  RGAIN 
         73   81   84   86   87   85   78   64   33  -16   -    -  SNRxx 
     CCIR Coefficients         METHOD 30   VOACAP L 16.1207W  PAGE   3

  Jun    1994          SSN = 100.                Minimum Angle= 0.100 degrees
  TANGIER, Morocco    BELGRADE              AZIMUTHS          N. MI.      KM
  35.80 N    5.90 W - 44.90 N   20.50 E     57.41  254.73    1317.9   2440.5
  XMTR  2-30 2-D Table [default/const17.voa  ] Az=  0.0 OFFaz= 57.4 500.000kW
  RCVR  2-30 2-D Table [default/swwhip.voa   ] Az=  0.0 OFFaz=254.7
  3 MHz NOISE = -145.0 dBW     REQ. REL = 90%    REQ. SNR = 73.0 dB
  MULTIPATH POWER TOLERANCE =  3.0 dB   MULTIPATH DELAY TOLERANCE =  0.100 ms

   5.0 17.3  6.1  7.2  9.7 11.9 13.7 15.4 17.7 21.6 25.9  0.0  0.0 FREQ
        1F2  2F2  2F2  1F2  1F2  1F2  1F2  1F2  1F2  1F2   -    -  MODE  
       11.6 23.0 22.2  8.0  7.6  7.9  8.6 13.5 13.5 13.5   -    -  TANGLE
        8.8  9.3  9.2  8.6  8.5  8.6  8.6  8.9  8.9  8.9   -    -  DELAY 
        387  302  290  301  292  298  316  436  436  436   -    -  V HITE
       0.50 1.00 0.98 0.99 0.97 0.89 0.74 0.44 0.07 0.00   -    -  MUFday
        124  130  128  121  122  122  123  130  153  196   -    -  LOSS  
         66   50   53   65   66   67   67   59   38   -3   -    -  DBU   
        -67  -73  -71  -64  -65  -65  -66  -73  -96 -139   -    -  S DBW 
       -171 -157 -159 -163 -166 -168 -169 -171 -173 -176   -    -  N DBW 
        104   84   88   99  101  103  104   98   77   37   -    -  SNR   
         -4    4    1  -11  -12  -13  -10    2   22   63   -    -  RPWRG 
       0.93 0.83 0.89 0.99 0.99 0.99 0.97 0.88 0.58 0.04   -    -  REL   
       0.00 0.00 0.00 0.00 0.00 0.00 0.00 0.00 0.00 0.00   -    -  MPROB 
       0.51 0.42 0.48 0.68 0.70 0.69 0.64 0.47 0.26 0.04   -    -  S PRB 
       25.0 11.4 12.6 12.0 12.3 14.3 17.8 25.0 25.0 25.0   -    -  SIG LW
       10.6  5.3  5.4  5.4  5.3  5.6  6.6 13.3 25.0 25.0   -    -  SIG UP
       26.8 14.7 15.6 15.2 15.5 17.2 20.3 26.8 26.8 26.8   -    -  SNR LW
       12.1  8.0  7.8  7.6  7.7  8.0  8.8 14.5 25.7 25.7   -    -  SNR UP
       17.0 17.0 17.0 17.0 17.0 17.0 17.0 17.0 17.0 17.0   -    -  TGAIN 
       -1.0  0.0  0.0 -1.8 -2.0 -1.9 -1.7 -0.5 -0.5 -0.5   -    -  RGAIN 
         77   69   72   84   85   86   83   71   51   10   -    -  SNRxx 

   6.0 19.1  6.1  7.2  9.7 11.9 13.7 15.4 17.7 21.6 25.9  0.0  0.0 FREQ
        1F2  2F2  2F2  1F2  1F2  1F2  1F2  1F2  1F2  1F2   -    -  MODE  
       11.1 24.8 22.5 11.1  7.9  7.3  7.5  8.7 13.1 13.1   -    -  TANGLE
        8.7  9.4  9.2  8.7  8.6  8.5  8.5  8.6  8.9  8.9   -    -  DELAY 
        377  326  294  376  298  285  289  316  426  426   -    -  V HITE
       0.50 0.99 0.98 0.99 0.97 0.93 0.84 0.64 0.23 0.02   -    -  MUFday
        126  141  136  125  124  125  125  125  141  169   -    -  LOSS  
         64   39   46   60   63   65   65   65   51   24   -    -  DBU   
        -69  -84  -79  -68  -67  -68  -68  -68  -84 -112   -    -  S DBW 
       -172 -158 -160 -163 -166 -168 -169 -171 -173 -176   -    -  N DBW 
        103   74   81   95   99  100  102  103   90   63   -    -  SNR   
         -3   14    8   -7  -10  -10  -10   -6   10   36   -    -  RPWRG 
       0.92 0.54 0.75 0.97 0.98 0.98 0.98 0.95 0.79 0.32   -    -  REL   
       0.00 0.00 0.00 0.00 0.00 0.00 0.00 0.00 0.00 0.00   -    -  MPROB 
       0.50 0.26 0.37 0.61 0.66 0.66 0.65 0.57 0.39 0.15   -    -  S PRB 
       25.0 11.8 12.4 12.3 12.9 13.8 15.9 21.7 25.0 25.0   -    -  SIG LW
       10.8  5.4  5.4  5.5  5.9  5.5  5.8  8.1 18.7 25.0   -    -  SIG UP
       26.8 15.2 15.6 15.5 16.1 16.8 18.6 23.7 26.8 26.8   -    -  SNR LW
       12.3  7.8  7.8  7.8  8.1  7.9  8.2 10.0 19.6 25.7   -    -  SNR UP
       17.0 17.0 17.0 17.0 17.0 17.0 17.0 17.0 17.0 17.0   -    -  TGAIN 
       -1.1  0.0  0.0 -1.1 -1.9 -2.3 -2.1 -1.7 -0.6 -0.6   -    -  RGAIN 
         76   59   65   80   83   83   83   79   63   37   -    -  SNRxx 
     CCIR Coefficients         METHOD 30   VOACAP L 16.1207W  PAGE   4

  Jun    1994          SSN = 100.                Minimum Angle= 0.100 degrees
  TANGIER, Morocco    BELGRADE              AZIMUTHS          N. MI.      KM
  35.80 N    5.90 W - 44.90 N   20.50 E     57.41  254.73    1317.9   2440.5
  XMTR  2-30 2-D Table [default/const17.voa  ] Az=  0.0 OFFaz= 57.4 500.000kW
  RCVR  2-30 2-D Table [default/swwhip.voa   ] Az=  0.0 OFFaz=254.7
  3 MHz NOISE = -145.0 dBW     REQ. REL = 90%    REQ. SNR = 73.0 dB
  MULTIPATH POWER TOLERANCE =  3.0 dB   MULTIPATH DELAY TOLERANCE =  0.100 ms

   7.0 20.4  6.1  7.2  9.7 11.9 13.7 15.4 17.7 21.6 25.9  0.0  0.0 FREQ
        1F2  2 E  2 E  2F2  2F2  1F2  1F2  1F2  1F2  1F2   -    -  MODE  
       11.2  6.1  6.3 25.1 22.8 12.1 10.0  8.4 13.0 13.0   -    -  TANGLE
        8.7  8.3  8.3  9.4  9.2  8.8  8.7  8.6  8.9  8.9   -    -  DELAY 
        378   95   98  331  299  399  348  309  422  422   -    -  V HITE
       0.50 1.00 1.00 0.89 0.63 0.95 0.90 0.75 0.37 0.07   -    -  MUFday
        128  167  158  138  136  125  126  126  136  157   -    -  LOSS  
         63   13   25   46   50   64   63   65   55   36   -    -  DBU   
        -71 -110 -101  -81  -79  -68  -69  -69  -79 -100   -    -  S DBW 
       -173 -158 -160 -164 -166 -168 -169 -171 -173 -176   -    -  N DBW 
        102   48   59   83   87  100  100  102   94   75   -    -  SNR   
         -2   42   31    9    9   -9   -9   -9    5   25   -    -  RPWRG 
       0.92 0.00 0.04 0.74 0.78 0.98 0.98 0.97 0.85 0.54   -    -  REL   
       0.00 0.00 0.01 0.00 0.00 0.92 0.00 0.00 0.00 0.00   -    -  MPROB 
       0.49 0.04 0.09 0.34 0.38 0.64 0.64 0.62 0.44 0.24   -    -  S PRB 
       25.0 13.5 13.4 16.4 21.1 14.4 14.7 18.1 25.0 25.0   -    -  SIG LW
       11.5  6.3  8.9  9.2  8.6  7.3  8.0  9.1 15.4 25.0   -    -  SIG UP
       26.8 16.6 16.5 19.0 23.2 17.3 17.6 20.5 26.8 26.8   -    -  SNR LW
       12.9  8.6 10.6 10.8 10.3  9.3  9.9 10.8 16.5 25.7   -    -  SNR UP
       17.0 17.0 17.0 17.0 17.0 17.0 17.0 17.0 17.0 17.0   -    -  TGAIN 
       -1.1 -3.1 -3.0  0.0  0.0 -0.9 -1.3 -1.7 -0.6 -0.6   -    -  RGAIN 
         75   31   42   64   64   82   82   82   68   48   -    -  SNRxx 

   8.0 20.6  6.1  7.2  9.7 11.9 13.7 15.4 17.7 21.6 25.9  0.0  0.0 FREQ
        1F2  2 E  2 E  2F2  2F2  2F2  1F2  1F2  1F2  1F2   -    -  MODE  
       10.6  6.0  6.2 26.7 23.2 29.8 11.5  9.1 13.4 13.4   -    -  TANGLE
        8.7  8.3  8.3  9.6  9.3 10.0  8.8  8.6  8.9  8.9   -    -  DELAY 
        363   94   96  354  304  401  385  327  432  432   -    -  V HITE
       0.50 1.00 1.00 0.89 0.64 0.34 0.90 0.76 0.39 0.08   -    -  MUFday
        129  196  169  143  139  148  127  127  136  157   -    -  LOSS  
         63  -14   13   41   47   39   63   63   55   36   -    -  DBU   
        -72 -139 -112  -86  -82  -91  -70  -70  -79 -100   -    -  S DBW 
       -173 -158 -160 -164 -166 -168 -169 -171 -173 -176   -    -  N DBW 
        101   20   48   78   84   76   99  101   94   76   -    -  SNR   
         -2   70   44   15   12   23   -8   -7    6   24   -    -  RPWRG 
       0.91 0.00 0.00 0.62 0.73 0.56 0.97 0.96 0.84 0.56   -    -  REL   
       0.88 0.00 0.00 0.52 0.00 0.00 0.00 0.00 0.00 0.00   -    -  MPROB 
       0.49 0.00 0.04 0.25 0.33 0.24 0.62 0.60 0.43 0.24   -    -  S PRB 
       25.0 13.9 16.2 16.8 20.6 25.0 15.8 17.9 25.0 25.0   -    -  SIG LW
       11.0  6.9  7.4  7.7  8.4 16.4  7.6  9.7 15.0 25.0   -    -  SIG UP
       26.8 16.9 18.9 19.3 22.8 26.8 18.5 20.4 26.8 26.8   -    -  SNR LW
       12.5  9.1  9.5  9.6 10.2 17.4  9.5 11.3 16.1 25.7   -    -  SNR UP
       17.0 17.0 17.0 17.0 17.0 17.0 17.0 17.0 17.0 17.0   -    -  TGAIN 
       -1.2 -3.2 -3.1 -0.2  0.0 -0.3 -1.0 -1.6 -0.6 -0.6   -    -  RGAIN 
         75    3   29   58   61   50   81   80   67   49   -    -  SNRxx 
     CCIR Coefficients         METHOD 30   VOACAP L 16.1207W  PAGE   5

  Jun    1994          SSN = 100.                Minimum Angle= 0.100 degrees
  TANGIER, Morocco    BELGRADE              AZIMUTHS          N. MI.      KM
  35.80 N    5.90 W - 44.90 N   20.50 E     57.41  254.73    1317.9   2440.5
  XMTR  2-30 2-D Table [default/const17.voa  ] Az=  0.0 OFFaz= 57.4 500.000kW
  RCVR  2-30 2-D Table [default/swwhip.voa   ] Az=  0.0 OFFaz=254.7
  3 MHz NOISE = -145.0 dBW     REQ. REL = 90%    REQ. SNR = 73.0 dB
  MULTIPATH POWER TOLERANCE =  3.0 dB   MULTIPATH DELAY TOLERANCE =  0.100 ms

   9.0 20.3  6.1  7.2  9.7 11.9 13.7 15.4 17.7 21.6 25.9  0.0  0.0 FREQ
        1F2  2 E  2 E  2F2  2F2  2F2  1F2  1F2  1F2  1F2   -    -  MODE  
       10.3  5.9  6.1 27.8 23.9 30.4 12.5  9.8 13.9 13.9   -    -  TANGLE
        8.7  8.3  8.3  9.7  9.3 10.0  8.8  8.7  8.9  8.9   -    -  DELAY 
        356   93   95  370  313  412  411  343  447  447   -    -  V HITE
       0.50 1.00 1.00 0.87 0.60 0.29 0.89 0.74 0.35 0.06   -    -  MUFday
        129  214  183  149  143  150  130  128  138  159   -    -  LOSS  
         62  -34   -2   35   42   38   59   62   53   34   -    -  DBU   
        -72 -157 -126  -92  -86  -93  -73  -71  -81 -102   -    -  S DBW 
       -173 -158 -160 -164 -166 -168 -169 -171 -173 -176   -    -  N DBW 
        100    1   34   72   80   74   96  100   92   73   -    -  SNR   
         -1   91   58   20   16   25   -5   -6    8   27   -    -  RPWRG 
       0.90 0.00 0.00 0.45 0.65 0.53 0.95 0.95 0.82 0.50   -    -  REL   
       0.87 0.00 0.00 0.21 0.00 0.36 0.00 0.00 0.00 0.00   -    -  MPROB 
       0.48 0.00 0.01 0.19 0.28 0.21 0.58 0.58 0.41 0.21   -    -  S PRB 
       25.0 16.5 15.8 16.3 20.3 25.0 15.3 18.7 25.0 25.0   -    -  SIG LW
       10.6  6.6  6.7  7.5  9.7 15.9  7.6 10.2 15.6 25.0   -    -  SIG UP
       26.8 19.2 18.5 18.9 22.4 26.8 18.1 21.0 26.8 26.8   -    -  SNR LW
       12.1  8.9  8.9  9.5 11.3 17.0  9.6 11.7 16.7 25.7   -    -  SNR UP
       17.0 17.0 17.0 17.0 17.0 17.0 17.0 17.0 17.0 17.0   -    -  TGAIN 
       -1.2 -3.3 -3.2 -0.2  0.0 -0.3 -0.7 -1.4 -0.5 -0.5   -    -  RGAIN 
         74  -18   15   53   57   48   78   79   65   46   -    -  SNRxx 

  10.0 20.1  6.1  7.2  9.7 11.9 13.7 15.4 17.7 21.6 25.9  0.0  0.0 FREQ
        1F2  2 E  2 E  2F2  2F2  2F2  2F2  1F2  1F2  1F2   -    -  MODE  
       10.5  5.8  6.0 28.4 24.3 30.9 30.9 10.6 14.3 14.3   -    -  TANGLE
        8.7  8.3  8.3  9.8  9.4 10.1 10.1  8.7  8.9  8.9   -    -  DELAY 
        362   92   95  379  319  420  420  362  456  456   -    -  V HITE
       0.50 1.00 1.00 0.90 0.60 0.22 0.04 0.76 0.30 0.02   -    -  MUFday
        130  247  206  154  146  153  174  130  141  172   -    -  LOSS  
         61  -64  -23   30   40   35   14   60   50   20   -    -  DBU   
        -73 -190 -149  -97  -89  -96 -117  -73  -84 -115   -    -  S DBW 
       -173 -158 -160 -164 -166 -168 -169 -171 -173 -176   -    -  N DBW 
        100  -32   11   66   77   71   52   98   90   60   -    -  SNR   
         -2  118   79   23   16   25   48   -7   10   40   -    -  RPWRG 
       0.92 0.00 0.00 0.18 0.61 0.45 0.15 0.97 0.79 0.26   -    -  REL   
       0.85 0.00 0.00 0.00 0.00 0.24 0.00 0.00 0.00 0.00   -    -  MPROB 
       0.51 0.00 0.00 0.15 0.27 0.17 0.07 0.62 0.38 0.12   -    -  S PRB 
       23.0  7.7 15.0 13.2 17.5 21.2 25.0 14.9 25.0 25.0   -    -  SIG LW
       10.1  5.6  7.7  7.4  9.3 15.4 25.0  9.5 16.3 25.0   -    -  SIG UP
       24.9 12.4 17.8 16.3 19.9 23.2 26.8 17.8 26.8 26.8   -    -  SNR LW
       11.7  8.2  9.7  9.4 10.9 16.4 25.7 11.2 17.4 25.7   -    -  SNR UP
       17.0 17.0 17.0 17.0 17.0 17.0 17.0 17.0 17.0 17.0   -    -  TGAIN 
       -1.2 -3.4 -3.2 -0.2  0.0 -0.3 -0.3 -1.2 -0.5 -0.5   -    -  RGAIN 
         75  -45   -6   50   57   48   25   80   63   33   -    -  SNRxx 
     CCIR Coefficients         METHOD 30   VOACAP L 16.1207W  PAGE   6

  Jun    1994          SSN = 100.                Minimum Angle= 0.100 degrees
  TANGIER, Morocco    BELGRADE              AZIMUTHS          N. MI.      KM
  35.80 N    5.90 W - 44.90 N   20.50 E     57.41  254.73    1317.9   2440.5
  XMTR  2-30 2-D Table [default/const17.voa  ] Az=  0.0 OFFaz= 57.4 500.000kW
  RCVR  2-30 2-D Table [default/swwhip.voa   ] Az=  0.0 OFFaz=254.7
  3 MHz NOISE = -145.0 dBW     REQ. REL = 90%    REQ. SNR = 73.0 dB
  MULTIPATH POWER TOLERANCE =  3.0 dB   MULTIPATH DELAY TOLERANCE =  0.100 ms

  11.0 20.7  6.1  7.2  9.7 11.9 13.7 15.4 17.7 21.6 25.9  0.0  0.0 FREQ
        1F2  2 E  2 E  2F2  2F2  2F2  2F2  1F2  1F2  1F2   -    -  MODE  
       14.5  5.8  6.0 29.1 25.0 31.2 31.2 11.3 14.5 14.5   -    -  TANGLE
        9.0  8.3  8.3  9.9  9.4 10.1 10.1  8.7  9.0  9.0   -    -  DELAY 
        463   92   94  390  329  425  425  381  463  463   -    -  V HITE
       0.43 1.00 1.00 0.90 0.60 0.23 0.05 0.76 0.30 0.02   -    -  MUFday
        137  260  212  157  147  155  173  130  141  172   -    -  LOSS  
         54  -77  -29   27   38   33   16   60   50   21   -    -  DBU   
        -80 -203 -155 -100  -90  -98 -116  -73  -84 -115   -    -  S DBW 
       -173 -158 -160 -163 -166 -167 -169 -171 -173 -176   -    -  N DBW 
         93  -45    5   64   75   70   53   97   89   61   -    -  SNR   
          7  130   87   26   18   24   46   -6   10   39   -    -  RPWRG 
       0.83 0.00 0.00 0.10 0.56 0.40 0.16 0.96 0.78 0.27   -    -  REL   
       0.00 0.00 0.00 0.00 0.00 0.12 0.00 0.00 0.00 0.00   -    -  MPROB 
       0.42 0.00 0.00 0.13 0.24 0.17 0.07 0.60 0.38 0.12   -    -  S PRB 
       25.0  7.7 16.5 13.3 17.9 18.7 25.0 15.3 25.0 25.0   -    -  SIG LW
       13.7  5.6  7.4  7.4  9.0 15.7 25.0  9.4 16.1 25.0   -    -  SIG UP
       26.8 12.3 19.1 16.4 20.2 21.0 26.8 18.0 26.8 26.8   -    -  SNR LW
       14.9  8.2  9.4  9.4 10.6 16.6 25.6 11.1 17.2 25.7   -    -  SNR UP
       17.0 17.0 17.0 17.0 17.0 17.0 17.0 17.0 17.0 17.0   -    -  TGAIN 
       -0.4 -3.4 -3.2 -0.2  0.0 -0.3 -0.3 -1.0 -0.4 -0.4   -    -  RGAIN 
         66  -57  -14   47   55   49   27   79   63   34   -    -  SNRxx 

  12.0 20.6  6.1  7.2  9.7 11.9 13.7 15.4 17.7 21.6 25.9  0.0  0.0 FREQ
        1F2  2 E  2 E  2F2  2F2  2F2  1F2  1F2  1F2  1F2   -    -  MODE  
       14.7  5.8  6.0 29.4 25.5 31.6 14.0 11.0 14.7 14.7   -    -  TANGLE
        9.0  8.3  8.3  9.9  9.5 10.2  8.9  8.7  9.0  9.0   -    -  DELAY 
        467   92   94  396  337  431  448  373  467  467   -    -  V HITE
       0.44 1.00 1.00 0.91 0.62 0.25 0.92 0.76 0.31 0.02   -    -  MUFday
        136  262  211  156  147  154  132  130  140  170   -    -  LOSS  
         55  -78  -28   28   39   34   57   60   51   22   -    -  DBU   
        -79 -205 -154  -99  -90  -97  -75  -73  -83 -113   -    -  S DBW 
       -173 -158 -160 -163 -165 -167 -169 -171 -173 -176   -    -  N DBW 
         93  -47    6   64   75   70   94   97   90   62   -    -  SNR   
          6  132   86   26   18   25   -5   -7   10   38   -    -  RPWRG 
       0.84 0.00 0.00 0.10 0.55 0.40 0.96 0.96 0.79 0.29   -    -  REL   
       0.00 0.00 0.00 0.00 0.00 0.00 0.00 0.00 0.00 0.00   -    -  MPROB 
       0.42 0.00 0.00 0.12 0.24 0.17 0.60 0.61 0.38 0.13   -    -  S PRB 
       25.0  7.7 16.4 13.1 17.9 19.4 12.2 15.0 25.0 25.0   -    -  SIG LW
       13.3  5.6  7.2  7.3  8.8 15.4  6.9  9.3 15.8 25.0   -    -  SIG UP
       26.8 12.3 19.0 16.2 20.2 21.5 15.4 17.8 26.8 26.8   -    -  SNR LW
       14.5  8.1  9.3  9.2 10.4 16.4  8.9 10.9 16.8 25.7   -    -  SNR UP
       17.0 17.0 17.0 17.0 17.0 17.0 17.0 17.0 17.0 17.0   -    -  TGAIN 
       -0.4 -3.4 -3.2 -0.2 -0.1 -0.4 -0.5 -1.1 -0.4 -0.4   -    -  RGAIN 
         67  -59  -13   47   55   48   78   80   63   35   -    -  SNRxx 
     CCIR Coefficients         METHOD 30   VOACAP L 16.1207W  PAGE   7

  Jun    1994          SSN = 100.                Minimum Angle= 0.100 degrees
  TANGIER, Morocco    BELGRADE              AZIMUTHS          N. MI.      KM
  35.80 N    5.90 W - 44.90 N   20.50 E     57.41  254.73    1317.9   2440.5
  XMTR  2-30 2-D Table [default/const17.voa  ] Az=  0.0 OFFaz= 57.4 500.000kW
  RCVR  2-30 2-D Table [default/swwhip.voa   ] Az=  0.0 OFFaz=254.7
  3 MHz NOISE = -145.0 dBW     REQ. REL = 90%    REQ. SNR = 73.0 dB
  MULTIPATH POWER TOLERANCE =  3.0 dB   MULTIPATH DELAY TOLERANCE =  0.100 ms

  13.0 20.2  6.1  7.2  9.7 11.9 13.7 15.4 17.7 21.6 25.9  0.0  0.0 FREQ
        1F2  2 E  2 E  2F2  2F2  2F2  1F2  1F2  1F2  1F2   -    -  MODE  
       12.0  5.8  6.0 29.4 25.9 31.7 13.7 10.7 14.8 14.8   -    -  TANGLE
        8.8  8.3  8.3  9.9  9.5 10.2  8.9  8.7  9.0  9.0   -    -  DELAY 
        398   92   95  396  342  433  441  367  470  470   -    -  V HITE
       0.49 1.00 1.00 0.90 0.62 0.25 0.92 0.76 0.30 0.02   -    -  MUFday
        130  252  191  154  146  153  131  130  141  171   -    -  LOSS  
         61  -69   -8   30   40   35   57   60   51   22   -    -  DBU   
        -73 -195 -134  -97  -89  -96  -74  -73  -84 -114   -    -  S DBW 
       -173 -158 -160 -163 -165 -167 -169 -171 -173 -176   -    -  N DBW 
        100  -37   26   65   76   71   94   98   90   61   -    -  SNR   
          0  123   64   25   18   26   -5   -6   10   38   -    -  RPWRG 
       0.90 0.00 0.00 0.14 0.58 0.43 0.95 0.96 0.79 0.28   -    -  REL   
       0.86 0.00 0.00 0.00 0.00 0.16 0.00 0.00 0.00 0.00   -    -  MPROB 
       0.47 0.00 0.00 0.14 0.24 0.17 0.59 0.60 0.38 0.13   -    -  S PRB 
       25.0  8.9 14.0 14.2 19.0 22.1 13.2 16.0 25.0 25.0   -    -  SIG LW
       10.3  5.6  7.3  7.2  9.0 15.1  6.9  9.2 16.0 25.0   -    -  SIG UP
       26.8 13.1 16.9 17.0 21.2 24.0 16.2 18.7 26.8 26.8   -    -  SNR LW
       11.8  8.1  9.3  9.1 10.5 16.0  8.8 10.8 17.1 25.7   -    -  SNR UP
       17.0 17.0 17.0 17.0 17.0 17.0 17.0 17.0 17.0 17.0   -    -  TGAIN 
       -0.9 -3.4 -3.2 -0.2 -0.1 -0.4 -0.5 -1.2 -0.4 -0.4   -    -  RGAIN 
         73  -50    9   48   55   47   78   79   63   35   -    -  SNRxx 

  14.0 19.9  6.1  7.2  9.7 11.9 13.7 15.4 17.7 21.6 25.9  0.0  0.0 FREQ
        1F2  2 E  2 E  2F2  2F2  2F2  1F2  1F2  1F2  1F2   -    -  MODE  
       13.7  5.8  6.0 29.0 26.3 32.0 13.3 10.8 14.8 14.8   -    -  TANGLE
        8.9  8.3  8.3  9.9  9.6 10.2  8.9  8.7  9.0  9.0   -    -  DELAY 
        441   93   95  390  349  438  430  368  470  470   -    -  V HITE
       0.50 1.00 1.00 0.90 0.61 0.23 0.91 0.74 0.26 0.01   -    -  MUFday
        130  218  183  150  144  152  130  128  141  176   -    -  LOSS  
         61  -37    0   34   42   36   59   62   50   17   -    -  DBU   
        -73 -161 -126  -93  -87  -95  -73  -71  -84 -119   -    -  S DBW 
       -172 -157 -159 -162 -165 -167 -168 -171 -173 -176   -    -  N DBW 
        100   -4   33   69   78   71   96   99   89   56   -    -  SNR   
          0   95   57   21   17   28   -6   -7   11   43   -    -  RPWRG 
       0.90 0.00 0.00 0.27 0.61 0.45 0.96 0.96 0.78 0.20   -    -  REL   
       0.00 0.00 0.00 0.00 0.00 0.26 0.00 0.00 0.00 0.00   -    -  MPROB 
       0.46 0.00 0.01 0.17 0.26 0.17 0.61 0.61 0.37 0.10   -    -  S PRB 
       25.0 14.9 14.2 14.1 19.3 25.0 13.2 16.9 25.0 25.0   -    -  SIG LW
       10.7  6.6  7.1  7.2  8.9 15.2  6.9  9.4 16.8 25.0   -    -  SIG UP
       26.8 17.8 17.1 16.8 21.3 26.6 16.2 19.4 26.8 26.8   -    -  SNR LW
       12.1  8.8  9.1  9.0 10.4 16.1  8.7 10.9 17.8 25.7   -    -  SNR UP
       17.0 17.0 17.0 17.0 17.0 17.0 17.0 17.0 17.0 17.0   -    -  TGAIN 
       -0.5 -3.3 -3.2 -0.2 -0.1 -0.4 -0.6 -1.1 -0.4 -0.4   -    -  RGAIN 
         73  -22   16   52   56   45   79   80   62   30   -    -  SNRxx 
     CCIR Coefficients         METHOD 30   VOACAP L 16.1207W  PAGE   8

  Jun    1994          SSN = 100.                Minimum Angle= 0.100 degrees
  TANGIER, Morocco    BELGRADE              AZIMUTHS          N. MI.      KM
  35.80 N    5.90 W - 44.90 N   20.50 E     57.41  254.73    1317.9   2440.5
  XMTR  2-30 2-D Table [default/const17.voa  ] Az=  0.0 OFFaz= 57.4 500.000kW
  RCVR  2-30 2-D Table [default/swwhip.voa   ] Az=  0.0 OFFaz=254.7
  3 MHz NOISE = -145.0 dBW     REQ. REL = 90%    REQ. SNR = 73.0 dB
  MULTIPATH POWER TOLERANCE =  3.0 dB   MULTIPATH DELAY TOLERANCE =  0.100 ms

  15.0 19.8  6.1  7.2  9.7 11.9 13.7 15.4 17.7 21.6 25.9  0.0  0.0 FREQ
        1F2  2 E  2 E  2F2  2F2  1F2  1F2  1F2  1F2  1F2   -    -  MODE  
       13.4  5.9  6.1 28.1 26.4 14.6 11.9 10.6 14.8 14.8   -    -  TANGLE
        8.9  8.3  8.3  9.8  9.6  9.0  8.8  8.7  9.0  9.0   -    -  DELAY 
        434   94   96  375  349  465  396  362  469  469   -    -  V HITE
       0.50 1.00 1.00 0.90 0.60 0.96 0.90 0.72 0.23 0.01   -    -  MUFday
        129  203  173  144  141  129  128  127  142  178   -    -  LOSS  
         62  -22    9   40   45   58   61   63   50   15   -    -  DBU   
        -72 -146 -116  -87  -84  -72  -71  -70  -85 -121   -    -  S DBW 
       -172 -157 -158 -161 -164 -166 -168 -171 -173 -176   -    -  N DBW 
        100   11   42   74   80   94   97  100   89   54   -    -  SNR   
         -1   80   48   16   15   -6   -8   -8   11   45   -    -  RPWRG 
       0.91 0.00 0.00 0.53 0.66 0.97 0.97 0.97 0.78 0.18   -    -  REL   
       0.00 0.00 0.00 0.00 0.00 0.00 0.00 0.00 0.00 0.00   -    -  MPROB 
       0.48 0.00 0.02 0.22 0.29 0.62 0.64 0.62 0.37 0.09   -    -  S PRB 
       25.0 14.7 14.6 14.5 20.0 11.8 12.8 16.7 25.0 25.0   -    -  SIG LW
       10.6  7.1  7.2  7.2  8.4  6.8  7.0  9.1 17.5 25.0   -    -  SIG UP
       26.8 17.8 17.4 17.0 21.8 14.9 15.7 19.2 26.8 26.8   -    -  SNR LW
       12.0  9.7  9.5  9.0  9.8  8.4  8.7 10.6 18.4 25.7   -    -  SNR UP
       17.0 17.0 17.0 17.0 17.0 17.0 17.0 17.0 17.0 17.0   -    -  TGAIN 
       -0.6 -3.3 -3.1 -0.2 -0.1 -0.4 -0.9 -1.2 -0.4 -0.4   -    -  RGAIN 
         74   -7   25   57   58   79   81   81   62   28   -    -  SNRxx 

  16.0 20.1  6.1  7.2  9.7 11.9 13.7 15.4 17.7 21.6 25.9  0.0  0.0 FREQ
        1F2  2 E  2 E  2F2  2F2  1F2  1F2  1F2  1F2  1F2   -    -  MODE  
       12.0  6.0  6.2 26.6 25.4 13.1 10.8  9.9 14.4 14.4   -    -  TANGLE
        8.8  8.3  8.3  9.6  9.5  8.9  8.7  8.7  9.0  9.0   -    -  DELAY 
        397   95   97  353  335  425  367  346  458  458   -    -  V HITE
       0.50 1.00 1.00 0.91 0.64 0.97 0.91 0.75 0.27 0.01   -    -  MUFday
        128  173  162  140  137  128  126  127  140  175   -    -  LOSS  
         63    8   20   45   49   60   63   64   52   18   -    -  DBU   
        -71 -116 -105  -83  -80  -71  -69  -70  -83 -118   -    -  S DBW 
       -172 -156 -157 -160 -163 -166 -168 -170 -173 -176   -    -  N DBW 
        101   41   52   78   83   95   98  101   91   58   -    -  SNR   
         -1   49   37   12   12   -7   -9   -9    9   42   -    -  RPWRG 
       0.91 0.00 0.01 0.64 0.72 0.97 0.98 0.97 0.80 0.23   -    -  REL   
       0.87 0.00 0.00 0.00 0.00 0.00 0.00 0.00 0.00 0.00   -    -  MPROB 
       0.49 0.01 0.05 0.27 0.32 0.64 0.66 0.63 0.39 0.11   -    -  S PRB 
       25.0 13.2 13.5 14.4 19.9 11.9 13.5 16.7 25.0 25.0   -    -  SIG LW
       11.0  7.1  8.7  8.9  8.7  7.6  8.7  9.1 17.2 25.0   -    -  SIG UP
       26.8 16.8 16.5 16.8 21.6 14.8 16.3 19.2 26.8 26.8   -    -  SNR LW
       12.4 10.8 11.6 10.8 10.2  9.1 10.0 10.6 18.1 25.7   -    -  SNR UP
       17.0 17.0 17.0 17.0 17.0 17.0 17.0 17.0 17.0 17.0   -    -  TGAIN 
       -0.9 -3.2 -3.0 -0.2  0.0 -0.6 -1.1 -1.3 -0.5 -0.5   -    -  RGAIN 
         74   24   36   61   61   80   82   82   64   31   -    -  SNRxx 
     CCIR Coefficients         METHOD 30   VOACAP L 16.1207W  PAGE   9

  Jun    1994          SSN = 100.                Minimum Angle= 0.100 degrees
  TANGIER, Morocco    BELGRADE              AZIMUTHS          N. MI.      KM
  35.80 N    5.90 W - 44.90 N   20.50 E     57.41  254.73    1317.9   2440.5
  XMTR  2-30 2-D Table [default/const17.voa  ] Az=  0.0 OFFaz= 57.4 500.000kW
  RCVR  2-30 2-D Table [default/swwhip.voa   ] Az=  0.0 OFFaz=254.7
  3 MHz NOISE = -145.0 dBW     REQ. REL = 90%    REQ. SNR = 73.0 dB
  MULTIPATH POWER TOLERANCE =  3.0 dB   MULTIPATH DELAY TOLERANCE =  0.100 ms

  17.0 20.7  6.1  7.2  9.7 11.9 13.7 15.4 17.7 21.6 25.9  0.0  0.0 FREQ
        1F2  2F2  2F2  1F2  1F2  1F2  1F2  1F2  1F2  1F2   -    -  MODE  
       11.5 25.9 23.5 11.8  8.2  7.7  7.7  8.3 13.8 13.8   -    -  TANGLE
        8.8  9.5  9.3  8.8  8.6  8.5  8.5  8.6  8.9  8.9   -    -  DELAY 
        386  343  308  392  304  293  293  307  444  444   -    -  V HITE
       0.50 1.00 1.00 1.00 0.99 0.98 0.93 0.80 0.36 0.03   -    -  MUFday
        127  143  138  126  125  126  125  126  136  166   -    -  LOSS  
         64   37   44   58   62   63   64   65   56   27   -    -  DBU   
        -70  -86  -81  -69  -68  -69  -68  -69  -79 -109   -    -  S DBW 
       -173 -155 -156 -159 -163 -165 -168 -170 -173 -176   -    -  N DBW 
        103   68   75   90   95   97   99  102   95   67   -    -  SNR   
         -3   18   11   -4   -8  -10  -12  -11    5   33   -    -  RPWRG 
       0.92 0.30 0.59 0.95 0.98 0.99 0.99 0.98 0.85 0.37   -    -  REL   
       0.00 0.00 0.00 0.00 0.00 0.00 0.00 0.00 0.00 0.00   -    -  MPROB 
       0.51 0.16 0.27 0.57 0.66 0.70 0.71 0.69 0.44 0.16   -    -  S PRB 
       25.0  9.8 10.0 10.2 10.6 10.6 11.6 14.6 25.0 25.0   -    -  SIG LW
       10.9  6.4  6.4  6.4  6.5  6.4  6.5  6.9 15.0 25.0   -    -  SIG UP
       26.8 13.9 13.5 13.1 13.5 13.7 14.7 17.4 26.8 26.8   -    -  SNR LW
       12.4 11.0 10.2  9.0  8.4  8.0  8.2  8.8 16.1 25.7   -    -  SNR UP
       17.0 17.0 17.0 17.0 17.0 17.0 17.0 17.0 17.0 17.0   -    -  TGAIN 
       -1.0 -0.1  0.0 -0.9 -1.8 -2.0 -2.0 -1.7 -0.5 -0.5   -    -  RGAIN 
         76   55   62   77   81   83   85   84   68   40   -    -  SNRxx 

  18.0 21.6  6.1  7.2  9.7 11.9 13.7 15.4 17.7 21.6 25.9  0.0  0.0 FREQ
        1F2  2F2  2F2  1F2  1F2  1F2  1F2  1F2  1F2  1F2   -    -  MODE  
       11.4 22.6 21.3  7.9  7.0  6.9  7.0  7.6 12.0 13.4   -    -  TANGLE
        8.7  9.2  9.1  8.6  8.5  8.5  8.5  8.5  8.8  8.9   -    -  DELAY 
        382  295  279  298  276  274  278  291  397  433   -    -  V HITE
       0.50 1.00 1.00 1.00 1.00 0.98 0.95 0.85 0.49 0.06   -    -  MUFday
        126  132  129  122  122  123  124  124  127  156   -    -  LOSS  
         65   49   53   63   65   66   67   67   65   37   -    -  DBU   
        -69  -75  -72  -65  -65  -66  -67  -67  -70  -99   -    -  S DBW 
       -173 -154 -156 -160 -163 -166 -168 -171 -173 -176   -    -  N DBW 
        104   79   83   95   98  100  101  103  104   76   -    -  SNR   
         -4    7    3   -9  -11  -13  -14  -14   -4   24   -    -  RPWRG 
       0.93 0.72 0.84 0.98 0.99 0.99 0.99 0.99 0.93 0.56   -    -  REL   
       0.00 0.00 0.00 0.00 0.00 0.00 0.00 0.00 0.00 0.00   -    -  MPROB 
       0.52 0.33 0.42 0.67 0.72 0.74 0.75 0.73 0.51 0.24   -    -  S PRB 
       25.0  9.8 10.4 10.0 10.7 10.9 11.2 13.6 25.0 25.0   -    -  SIG LW
       11.2  6.4  6.4  6.4  6.5  7.0  6.5  6.8 11.4 25.0   -    -  SIG UP
       26.8 12.9 13.2 13.0 13.7 14.2 14.5 16.6 26.8 26.8   -    -  SNR LW
       12.6  9.8  9.2  8.4  8.1  8.5  8.2  8.7 12.8 25.7   -    -  SNR UP
       17.0 17.0 17.0 17.0 17.0 17.0 17.0 17.0 17.0 17.0   -    -  TGAIN 
       -1.0  0.0  0.0 -1.9 -2.5 -2.6 -2.5 -2.1 -0.9 -0.6   -    -  RGAIN 
         77   66   70   82   84   86   87   87   77   49   -    -  SNRxx 
     CCIR Coefficients         METHOD 30   VOACAP L 16.1207W  PAGE  10

  Jun    1994          SSN = 100.                Minimum Angle= 0.100 degrees
  TANGIER, Morocco    BELGRADE              AZIMUTHS          N. MI.      KM
  35.80 N    5.90 W - 44.90 N   20.50 E     57.41  254.73    1317.9   2440.5
  XMTR  2-30 2-D Table [default/const17.voa  ] Az=  0.0 OFFaz= 57.4 500.000kW
  RCVR  2-30 2-D Table [default/swwhip.voa   ] Az=  0.0 OFFaz=254.7
  3 MHz NOISE = -145.0 dBW     REQ. REL = 90%    REQ. SNR = 73.0 dB
  MULTIPATH POWER TOLERANCE =  3.0 dB   MULTIPATH DELAY TOLERANCE =  0.100 ms

  19.0 21.8  6.1  7.2  9.7 11.9 13.7 15.4 17.7 21.6 25.9  0.0  0.0 FREQ
        1F2  1F2  1F2  1F2  1F2  1F2  1F2  1F2  1F2  1F2   -    -  MODE  
       11.6 10.7  7.9  6.6  6.5  6.6  6.9  7.5 10.8 13.2   -    -  TANGLE
        8.8  8.7  8.6  8.5  8.5  8.5  8.5  8.5  8.7  8.9   -    -  DELAY 
        388  366  298  268  265  268  274  289  368  429   -    -  V HITE
       0.50 1.00 1.00 1.00 1.00 0.98 0.96 0.86 0.52 0.08   -    -  MUFday
        126  120  119  119  120  121  122  123  126  154   -    -  LOSS  
         66   60   64   67   68   68   68   68   66   40   -    -  DBU   
        -69  -63  -62  -62  -63  -64  -65  -66  -69  -97   -    -  S DBW 
       -174 -154 -156 -161 -164 -167 -169 -171 -173 -176   -    -  N DBW 
        104   90   94   98  101  102  103  105  105   79   -    -  SNR   
         -5   -4   -7  -11  -13  -14  -15  -14   -5   21   -    -  RPWRG 
       0.93 0.95 0.98 0.99 0.99 0.99 0.99 0.99 0.93 0.61   -    -  REL   
       0.00 0.00 0.00 0.00 0.00 0.00 0.00 0.00 0.90 0.00   -    -  MPROB 
       0.52 0.54 0.63 0.70 0.74 0.75 0.75 0.72 0.53 0.27   -    -  S PRB 
       25.0 10.9 10.9 11.2 11.9 12.1 12.3 14.7 25.0 25.0   -    -  SIG LW
       11.1  6.4  6.1  6.2  6.3  6.7  6.2  6.5 10.8 25.0   -    -  SIG UP
       26.8 13.5 13.6 14.1 14.8 15.2 15.5 17.5 26.8 26.8   -    -  SNR LW
       12.5  8.7  8.2  7.8  7.8  8.3  8.2  8.6 12.3 25.7   -    -  SNR UP
       17.0 17.0 17.0 17.0 17.0 17.0 17.0 17.0 17.0 17.0   -    -  TGAIN 
       -1.0 -1.2 -1.9 -2.8 -2.8 -2.8 -2.6 -2.2 -1.1 -0.6   -    -  RGAIN 
         78   77   80   84   86   87   88   87   78   52   -    -  SNRxx 

  20.0 21.3  6.1  7.2  9.7 11.9 13.7 15.4 17.7 21.6 25.9  0.0  0.0 FREQ
        1F2  1F2  1F2  1F2  1F2  1F2  1F2  1F2  1F2  1F2   -    -  MODE  
       11.9  7.2  6.7  6.5  6.6  6.9  7.2  7.9 13.4 13.4   -    -  TANGLE
        8.8  8.5  8.5  8.5  8.5  8.5  8.5  8.6  8.9  8.9   -    -  DELAY 
        395  281  271  265  268  274  282  299  433  433   -    -  V HITE
       0.50 1.00 1.00 1.00 0.99 0.98 0.95 0.83 0.45 0.05   -    -  MUFday
        125  116  116  118  119  120  121  122  131  158   -    -  LOSS  
         66   66   67   68   69   69   69   69   60   35   -    -  DBU   
        -68  -59  -59  -61  -62  -63  -64  -65  -74 -101   -    -  S DBW 
       -173 -154 -156 -161 -165 -167 -169 -171 -173 -176   -    -  N DBW 
        105   95   97  100  103  104  104  106   99   74   -    -  SNR   
         -5   -8  -10  -13  -15  -15  -16  -14    1   25   -    -  RPWRG 
       0.94 0.98 0.99 0.99 0.99 0.99 0.99 0.99 0.89 0.53   -    -  REL   
       0.00 0.00 0.00 0.00 0.00 0.00 0.00 0.00 0.00 0.00   -    -  MPROB 
       0.52 0.62 0.66 0.71 0.74 0.75 0.75 0.71 0.49 0.23   -    -  S PRB 
       25.0 10.8 10.9 11.3 11.9 12.1 12.6 15.4 25.0 25.0   -    -  SIG LW
       11.0  6.1  6.1  6.2  6.3  6.8  6.2  6.6 13.1 25.0   -    -  SIG UP
       26.8 13.4 13.6 14.2 15.0 15.2 15.8 18.2 26.8 26.8   -    -  SNR LW
       12.5  7.8  7.6  7.6  7.9  8.6  8.3  8.7 14.3 25.7   -    -  SNR UP
       17.0 17.0 17.0 17.0 17.0 17.0 17.0 17.0 17.0 17.0   -    -  TGAIN 
       -0.9 -2.4 -2.7 -2.9 -2.8 -2.6 -2.4 -1.8 -0.6 -0.6   -    -  RGAIN 
         78   81   83   86   88   88   89   87   72   48   -    -  SNRxx 
     CCIR Coefficients         METHOD 30   VOACAP L 16.1207W  PAGE  11

  Jun    1994          SSN = 100.                Minimum Angle= 0.100 degrees
  TANGIER, Morocco    BELGRADE              AZIMUTHS          N. MI.      KM
  35.80 N    5.90 W - 44.90 N   20.50 E     57.41  254.73    1317.9   2440.5
  XMTR  2-30 2-D Table [default/const17.voa  ] Az=  0.0 OFFaz= 57.4 500.000kW
  RCVR  2-30 2-D Table [default/swwhip.voa   ] Az=  0.0 OFFaz=254.7
  3 MHz NOISE = -145.0 dBW     REQ. REL = 90%    REQ. SNR = 73.0 dB
  MULTIPATH POWER TOLERANCE =  3.0 dB   MULTIPATH DELAY TOLERANCE =  0.100 ms

  21.0 20.3  6.1  7.2  9.7 11.9 13.7 15.4 17.7 21.6 25.9  0.0  0.0 FREQ
        1F2  1F2  1F2  1F2  1F2  1F2  1F2  1F2  1F2  1F2   -    -  MODE  
       13.7  6.9  6.7  6.8  7.0  7.3  7.8  8.7 13.7 13.7   -    -  TANGLE
        8.9  8.5  8.5  8.5  8.5  8.5  8.5  8.6  8.9  8.9   -    -  DELAY 
        440  274  271  272  277  285  295  318  440  440   -    -  V HITE
       0.50 1.00 1.00 1.00 0.99 0.97 0.92 0.77 0.31 0.02   -    -  MUFday
        129  116  116  118  119  120  121  122  135  169   -    -  LOSS  
         61   66   67   68   69   69   69   68   56   24   -    -  DBU   
        -72  -59  -59  -61  -62  -63  -64  -65  -78 -112   -    -  S DBW 
       -173 -154 -156 -161 -165 -167 -169 -171 -173 -176   -    -  N DBW 
        100   95   97  101  103  104  105  105   95   64   -    -  SNR   
          0   -8  -10  -14  -15  -16  -16  -13    5   36   -    -  RPWRG 
       0.90 0.98 0.99 0.99 0.99 1.00 0.99 0.98 0.85 0.32   -    -  REL   
       0.00 0.00 0.00 0.00 0.00 0.00 0.00 0.00 0.00 0.00   -    -  MPROB 
       0.50 0.63 0.66 0.72 0.75 0.75 0.74 0.68 0.45 0.15   -    -  S PRB 
       25.0 10.7 10.8 11.3 11.9 11.9 13.2 17.0 25.0 25.0   -    -  SIG LW
       12.0  6.1  6.1  6.2  6.4  6.2  6.3  7.0 15.9 25.0   -    -  SIG UP
       26.8 13.3 13.6 14.3 15.1 15.2 16.3 19.5 26.8 26.8   -    -  SNR LW
       13.4  7.5  7.4  7.5  8.0  8.1  8.4  9.1 17.0 25.7   -    -  SNR UP
       17.0 17.0 17.0 17.0 17.0 17.0 17.0 17.0 17.0 17.0   -    -  TGAIN 
       -0.5 -2.6 -2.7 -2.7 -2.5 -2.3 -2.0 -1.7 -0.5 -0.5   -    -  RGAIN 
         73   81   83   87   88   89   89   86   68   37   -    -  SNRxx 

  22.0 19.3  6.1  7.2  9.7 11.9 13.7 15.4 17.7 21.6 25.9  0.0  0.0 FREQ
        1F2  1F2  1F2  1F2  1F2  1F2  1F2  1F2  1F2  1F2   -    -  MODE  
       14.0  7.0  6.9  7.1  7.4  7.8  8.3  9.6 14.0 14.0   -    -  TANGLE
        8.9  8.5  8.5  8.5  8.5  8.5  8.6  8.6  8.9  8.9   -    -  DELAY 
        448  276  276  279  287  296  308  339  448  448   -    -  V HITE
       0.50 1.00 1.00 1.00 0.99 0.96 0.89 0.69 0.19 0.01   -    -  MUFday
        129  116  116  117  119  120  121  123  141  182   -    -  LOSS  
         62   66   67   69   69   69   69   68   51   11   -    -  DBU   
        -72  -59  -59  -60  -62  -63  -64  -66  -84 -125   -    -  S DBW 
       -172 -154 -156 -162 -165 -167 -169 -171 -173 -176   -    -  N DBW 
        100   95   97  101  104  105  105  105   90   51   -    -  SNR   
         -1   -8  -10  -14  -15  -16  -15  -10   10   49   -    -  RPWRG 
       0.90 0.98 0.99 0.99 0.99 0.99 0.99 0.97 0.79 0.13   -    -  REL   
       0.00 0.00 0.00 0.00 0.00 0.00 0.00 0.00 0.00 0.00   -    -  MPROB 
       0.51 0.62 0.66 0.72 0.74 0.74 0.72 0.63 0.39 0.08   -    -  S PRB 
       25.0 11.3 11.4 12.0 12.5 12.9 14.7 20.2 25.0 25.0   -    -  SIG LW
       11.7  5.8  5.8  5.9  6.2  5.9  6.1  7.7 19.4 25.0   -    -  SIG UP
       26.8 13.8 14.1 14.9 15.6 16.0 17.6 22.4 26.8 26.8   -    -  SNR LW
       13.1  7.4  7.2  7.4  8.0  8.0  8.4  9.6 20.3 25.7   -    -  SNR UP
       17.0 17.0 17.0 17.0 17.0 17.0 17.0 17.0 17.0 17.0   -    -  TGAIN 
       -0.5 -2.5 -2.5 -2.4 -2.2 -1.9 -1.7 -1.4 -0.5 -0.5   -    -  RGAIN 
         74   81   83   87   88   89   88   83   63   24   -    -  SNRxx 
     CCIR Coefficients         METHOD 30   VOACAP L 16.1207W  PAGE  12

  Jun    1994          SSN = 100.                Minimum Angle= 0.100 degrees
  TANGIER, Morocco    BELGRADE              AZIMUTHS          N. MI.      KM
  35.80 N    5.90 W - 44.90 N   20.50 E     57.41  254.73    1317.9   2440.5
  XMTR  2-30 2-D Table [default/const17.voa  ] Az=  0.0 OFFaz= 57.4 500.000kW
  RCVR  2-30 2-D Table [default/swwhip.voa   ] Az=  0.0 OFFaz=254.7
  3 MHz NOISE = -145.0 dBW     REQ. REL = 90%    REQ. SNR = 73.0 dB
  MULTIPATH POWER TOLERANCE =  3.0 dB   MULTIPATH DELAY TOLERANCE =  0.100 ms

  23.0 18.4  6.1  7.2  9.7 11.9 13.7 15.4 17.7 21.6 25.9  0.0  0.0 FREQ
        1F2  1F2  1F2  1F2  1F2  1F2  1F2  1F2  1F2  1F2   -    -  MODE  
       14.2  7.2  7.2  7.4  7.8  8.2  8.9 10.8 14.2 14.2   -    -  TANGLE
        8.9  8.5  8.5  8.5  8.5  8.6  8.6  8.7  8.9  8.9   -    -  DELAY 
        455  281  281  286  295  306  322  369  455  455   -    -  V HITE
       0.50 1.00 1.00 1.00 0.98 0.93 0.83 0.59 0.09 0.00   -    -  MUFday
        128  116  116  117  119  120  121  123  148  197   -    -  LOSS  
         62   66   67   69   69   69   69   67   43   -4   -    -  DBU   
        -71  -59  -59  -60  -62  -63  -64  -66  -91 -140   -    -  S DBW 
       -172 -154 -157 -162 -165 -168 -169 -171 -173 -176   -    -  N DBW 
        100   95   98  102  104  105  105  105   82   36   -    -  SNR   
          0   -8  -10  -14  -15  -15  -14   -5   17   64   -    -  RPWRG 
       0.90 0.98 0.99 0.99 0.99 0.99 0.99 0.94 0.67 0.03   -    -  REL   
       0.00 0.00 0.00 0.00 0.00 0.00 0.00 0.00 0.00 0.00   -    -  MPROB 
       0.50 0.63 0.67 0.72 0.74 0.73 0.70 0.55 0.31 0.03   -    -  S PRB 
       25.0 11.3 11.4 12.0 12.4 13.5 15.8 24.9 25.0 25.0   -    -  SIG LW
       11.6  5.8  5.8  5.9  6.4  6.0  6.3  9.2 24.1 25.0   -    -  SIG UP
       26.8 13.8 14.1 15.0 15.5 16.5 18.5 26.7 26.8 26.8   -    -  SNR LW
       13.0  7.5  7.3  7.5  8.2  8.2  8.6 10.9 24.9 25.7   -    -  SNR UP
       17.0 17.0 17.0 17.0 17.0 17.0 17.0 17.0 17.0 17.0   -    -  TGAIN 
       -0.5 -2.4 -2.4 -2.2 -2.0 -1.8 -1.6 -1.1 -0.5 -0.5   -    -  RGAIN 
         73   81   83   87   88   88   87   78   56    9   -    -  SNRxx 

  24.0 17.4  6.1  7.2  9.7 11.9 13.7 15.4 17.7 21.6 25.9  0.0  0.0 FREQ
        1F2  1F2  1F2  1F2  1F2  1F2  1F2  1F2  1F2  1F2   -    -  MODE  
       14.4  7.6  7.6  7.9  8.3  8.9  9.7 14.4 14.4 14.4   -    -  TANGLE
        9.0  8.5  8.5  8.5  8.6  8.6  8.7  9.0  9.0  9.0   -    -  DELAY 
        459  290  291  297  308  322  342  459  459  459   -    -  V HITE
       0.50 1.00 1.00 0.99 0.97 0.89 0.76 0.45 0.03 0.00   -    -  MUFday
        128  115  116  117  119  120  121  129  159  215   -    -  LOSS  
         62   66   67   69   69   69   68   61   32  -22   -    -  DBU   
        -71  -58  -59  -60  -62  -63  -64  -72 -102 -158   -    -  S DBW 
       -171 -154 -157 -162 -166 -168 -169 -171 -173 -176   -    -  N DBW 
        100   95   98  102  104  105  105   99   71   17   -    -  SNR   
          0   -9  -11  -14  -15  -15  -12    1   28   83   -    -  RPWRG 
       0.90 0.98 0.99 0.99 0.99 0.99 0.98 0.89 0.47 0.00   -    -  REL   
       0.00 0.00 0.00 0.00 0.00 0.00 0.00 0.00 0.00 0.00   -    -  MPROB 
       0.50 0.64 0.68 0.73 0.74 0.72 0.66 0.49 0.21 0.01   -    -  S PRB 
       25.0 11.2 11.4 12.1 12.4 14.4 17.8 25.0 25.0 25.0   -    -  SIG LW
       11.5  5.8  5.8  6.0  5.9  6.1  6.8 12.4 25.0 25.0   -    -  SIG UP
       26.8 13.7 14.1 15.1 15.6 17.3 20.2 26.8 26.8 26.8   -    -  SNR LW
       12.9  7.6  7.4  7.6  7.9  8.3  8.9 13.7 25.7 25.7   -    -  SNR UP
       17.0 17.0 17.0 17.0 17.0 17.0 17.0 17.0 17.0 17.0   -    -  TGAIN 
       -0.5 -2.1 -2.1 -1.9 -1.7 -1.6 -1.4 -0.5 -0.5 -0.5   -    -  RGAIN 
         73   82   84   87   88   88   85   72   45  -10   -    -  SNRxx 
 *****END OF RUN*****     VOACAP 16.1207W
